This is pdfTeX, Version 3.141592653-2.6-1.40.29 (MiKTeX 26.5) (preloaded format=pdflatex 2026.9.25)  25 SEP 2026 18:13
entering extended mode
 restricted \write18 enabled.
 %&-line parsing enabled.
**./ELEC451_Lab0_report.tex
(ELEC451_Lab0_report.tex
LaTeX2e <2026-06-01>
L3 programming layer <2026-08-10>
(C:\Users\labib\AppData\Local\Programs\MiKTeX\tex/latex/ieeetran\IEEEtran.cls
Document Class: IEEEtran 2015/08/26 V1.8b by Michael Shell
-- See the "IEEEtran_HOWTO" manual for usage information.
-- http://www.michaelshell.org/tex/ieeetran/
\@IEEEtrantmpdimenA=\dimen150
\@IEEEtrantmpdimenB=\dimen151
\@IEEEtrantmpdimenC=\dimen152
\@IEEEtrantmpcountA=\count276
\@IEEEtrantmpcountB=\count277
\@IEEEtrantmpcountC=\count278
\@IEEEtrantmptoksA=\toks17
LaTeX Font Info:    Trying to load font information for OT1+ptm on input line 5
03.
(C:\Users\labib\AppData\Local\Programs\MiKTeX\tex/latex/psnfss\ot1ptm.fd
File: ot1ptm.fd 2001/06/04 font definitions for OT1/ptm.
)
** ATTENTION: Single column mode is not typically used with IEEE publications.
-- Using 8.5in x 11in (letter) paper.
-- Using PDF output.
\@IEEEnormalsizeunitybaselineskip=\dimen153
-- This is a 10 point document.
LaTeX Encoding Info:    Redeclaring text command \textunderscore (encoding ?) o
n input line 937.
\CLASSINFOnormalsizebaselineskip=\dimen154
\CLASSINFOnormalsizeunitybaselineskip=\dimen155
\IEEEnormaljot=\dimen156
LaTeX Font Info:    Font shape `OT1/ptm/bx/n' in size <5> not available
(Font)              Font shape `OT1/ptm/b/n' tried instead on input line 1090.
LaTeX Font Info:    Font shape `OT1/ptm/bx/it' in size <5> not available
(Font)              Font shape `OT1/ptm/b/it' tried instead on input line 1090.

LaTeX Font Info:    Font shape `OT1/ptm/bx/n' in size <7> not available
(Font)              Font shape `OT1/ptm/b/n' tried instead on input line 1090.
LaTeX Font Info:    Font shape `OT1/ptm/bx/it' in size <7> not available
(Font)              Font shape `OT1/ptm/b/it' tried instead on input line 1090.

LaTeX Font Info:    Font shape `OT1/ptm/bx/n' in size <8> not available
(Font)              Font shape `OT1/ptm/b/n' tried instead on input line 1090.
LaTeX Font Info:    Font shape `OT1/ptm/bx/it' in size <8> not available
(Font)              Font shape `OT1/ptm/b/it' tried instead on input line 1090.

LaTeX Font Info:    Font shape `OT1/ptm/bx/n' in size <9> not available
(Font)              Font shape `OT1/ptm/b/n' tried instead on input line 1090.
LaTeX Font Info:    Font shape `OT1/ptm/bx/it' in size <9> not available
(Font)              Font shape `OT1/ptm/b/it' tried instead on input line 1090.

LaTeX Font Info:    Font shape `OT1/ptm/bx/n' in size <10> not available
(Font)              Font shape `OT1/ptm/b/n' tried instead on input line 1090.
LaTeX Font Info:    Font shape `OT1/ptm/bx/it' in size <10> not available
(Font)              Font shape `OT1/ptm/b/it' tried instead on input line 1090.

LaTeX Font Info:    Font shape `OT1/ptm/bx/n' in size <11> not available
(Font)              Font shape `OT1/ptm/b/n' tried instead on input line 1090.
LaTeX Font Info:    Font shape `OT1/ptm/bx/it' in size <11> not available
(Font)              Font shape `OT1/ptm/b/it' tried instead on input line 1090.

LaTeX Font Info:    Font shape `OT1/ptm/bx/n' in size <12> not available
(Font)              Font shape `OT1/ptm/b/n' tried instead on input line 1090.
LaTeX Font Info:    Font shape `OT1/ptm/bx/it' in size <12> not available
(Font)              Font shape `OT1/ptm/b/it' tried instead on input line 1090.

LaTeX Font Info:    Font shape `OT1/ptm/bx/n' in size <17> not available
(Font)              Font shape `OT1/ptm/b/n' tried instead on input line 1090.
LaTeX Font Info:    Font shape `OT1/ptm/bx/it' in size <17> not available
(Font)              Font shape `OT1/ptm/b/it' tried instead on input line 1090.

LaTeX Font Info:    Font shape `OT1/ptm/bx/n' in size <20> not available
(Font)              Font shape `OT1/ptm/b/n' tried instead on input line 1090.
LaTeX Font Info:    Font shape `OT1/ptm/bx/it' in size <20> not available
(Font)              Font shape `OT1/ptm/b/it' tried instead on input line 1090.

LaTeX Font Info:    Font shape `OT1/ptm/bx/n' in size <24> not available
(Font)              Font shape `OT1/ptm/b/n' tried instead on input line 1090.
LaTeX Font Info:    Font shape `OT1/ptm/bx/it' in size <24> not available
(Font)              Font shape `OT1/ptm/b/it' tried instead on input line 1090.

\IEEEquantizedlength=\dimen157
\IEEEquantizedlengthdiff=\dimen158
\IEEEquantizedtextheightdiff=\dimen159
\IEEEilabelindentA=\dimen160
\IEEEilabelindentB=\dimen161
\IEEEilabelindent=\dimen162
\IEEEelabelindent=\dimen163
\IEEEdlabelindent=\dimen164
\IEEElabelindent=\dimen165
\IEEEiednormlabelsep=\dimen166
\IEEEiedmathlabelsep=\dimen167
\IEEEiedtopsep=\skip49
\c@section=\count279
\c@subsection=\count280
\c@subsubsection=\count281
\c@paragraph=\count282
\c@IEEEsubequation=\count283
\abovecaptionskip=\skip50
\belowcaptionskip=\skip51
\c@figure=\count284
\c@table=\count285
\@IEEEeqnnumcols=\count286
\@IEEEeqncolcnt=\count287
\@IEEEsubeqnnumrollback=\count288
\@IEEEquantizeheightA=\dimen168
\@IEEEquantizeheightB=\dimen169
\@IEEEquantizeheightC=\dimen170
\@IEEEquantizeprevdepth=\dimen171
\@IEEEquantizemultiple=\count289
\@IEEEquantizeboxA=\box53
\@IEEEtmpitemindent=\dimen172
\IEEEPARstartletwidth=\dimen173
\c@IEEEbiography=\count290
\@IEEEtranrubishbin=\box54
) (C:\Users\labib\AppData\Local\Programs\MiKTeX\tex/latex/amsmath\amsmath.sty
Package: amsmath 2026/05/19 v2.18d AMS math features
\@mathmargin=\skip52

For additional information on amsmath, use the `?' option.
(C:\Users\labib\AppData\Local\Programs\MiKTeX\tex/latex/amsmath\amstext.sty
Package: amstext 2024/11/17 v2.01 AMS text

(C:\Users\labib\AppData\Local\Programs\MiKTeX\tex/latex/amsmath\amsgen.sty
File: amsgen.sty 1999/11/30 v2.0 generic functions
\@emptytoks=\toks18
\ex@=\dimen174
))
(C:\Users\labib\AppData\Local\Programs\MiKTeX\tex/latex/amsmath\amsbsy.sty
Package: amsbsy 1999/11/29 v1.2d Bold Symbols
\pmbraise@=\dimen175
)
(C:\Users\labib\AppData\Local\Programs\MiKTeX\tex/latex/amsmath\amsopn.sty
Package: amsopn 2022/04/08 v2.04 operator names
)
\inf@bad=\count291
LaTeX Info: Redefining \frac on input line 233.
\uproot@=\count292
\leftroot@=\count293
LaTeX Info: Redefining \overline on input line 398.
LaTeX Info: Redefining \colon on input line 409.
\classnum@=\count294
\DOTSCASE@=\count295
LaTeX Info: Redefining \ldots on input line 495.
LaTeX Info: Redefining \dots on input line 498.
LaTeX Info: Redefining \cdots on input line 619.
\Mathstrutbox@=\box55
\strutbox@=\box56
LaTeX Info: Redefining \big on input line 721.
LaTeX Info: Redefining \Big on input line 722.
LaTeX Info: Redefining \bigg on input line 723.
LaTeX Info: Redefining \Bigg on input line 724.
\big@size=\dimen176
LaTeX Font Info:    Redeclaring font encoding OML on input line 742.
LaTeX Font Info:    Redeclaring font encoding OMS on input line 743.
\macc@depth=\count296
LaTeX Info: Redefining \bmod on input line 904.
LaTeX Info: Redefining \pmod on input line 909.
LaTeX Info: Redefining \smash on input line 939.
LaTeX Info: Redefining \relbar on input line 969.
LaTeX Info: Redefining \Relbar on input line 970.
\c@MaxMatrixCols=\count297
\dotsspace@=\muskip17
\c@parentequation=\count298
\dspbrk@lvl=\count299
\tag@help=\toks19
\row@=\count300
\column@=\count301
\maxfields@=\count302
\andhelp@=\toks20
\eqnshift@=\dimen177
\alignsep@=\dimen178
\tagshift@=\dimen179
\tagwidth@=\dimen180
\totwidth@=\dimen181
\lineht@=\dimen182
\@envbody=\toks21
\multlinegap=\skip53
\multlinetaggap=\skip54
\mathdisplay@stack=\toks22
LaTeX Info: Redefining \[ on input line 2965.
LaTeX Info: Redefining \] on input line 2966.
)
(C:\Users\labib\AppData\Local\Programs\MiKTeX\tex/latex/graphics\graphicx.sty
Package: graphicx 2026-05-17 v1.2e Enhanced LaTeX Graphics (DPC,SPQR)

(C:\Users\labib\AppData\Local\Programs\MiKTeX\tex/latex/graphics\keyval.sty
Package: keyval 2026-05-17 v1.15 key=value parser (DPC)
\KV@toks@=\toks23
)
(C:\Users\labib\AppData\Local\Programs\MiKTeX\tex/latex/graphics\graphics.sty
Package: graphics 2026-05-17 v1.4h Standard LaTeX Graphics (DPC,SPQR)

(C:\Users\labib\AppData\Local\Programs\MiKTeX\tex/latex/graphics\trig.sty
Package: trig 2023/12/02 v1.11 sin cos tan (DPC)
)
(C:\Users\labib\AppData\Local\Programs\MiKTeX\tex/latex/graphics-cfg\graphics.c
fg
File: graphics.cfg 2016/06/04 v1.11 sample graphics configuration
)
Package graphics Info: Driver file: pdftex.def on input line 106.

(C:\Users\labib\AppData\Local\Programs\MiKTeX\tex/latex/graphics-def\pdftex.def
File: pdftex.def 2025/09/29 v1.2d Graphics/color driver for pdftex
))
\Gin@req@height=\dimen183
\Gin@req@width=\dimen184
) (C:\Users\labib\AppData\Local\Programs\MiKTeX\tex/latex/float\float.sty
Package: float 2001/11/08 v1.3d Float enhancements (AL)
\c@float@type=\count303
\float@exts=\toks24
\float@box=\box57
\@float@everytoks=\toks25
\@floatcapt=\box58
)
(C:\Users\labib\AppData\Local\Programs\MiKTeX\tex/latex/hyperref\hyperref.sty
Package: hyperref 2026-06-17 v7.01r Hypertext links for LaTeX

(C:\Users\labib\AppData\Local\Programs\MiKTeX\tex/generic/iftex\iftex.sty
Package: iftex 2024/12/12 v1.0g TeX engine tests
)
(C:\Users\labib\AppData\Local\Programs\MiKTeX\tex/latex/kvsetkeys\kvsetkeys.sty
Package: kvsetkeys 2022-10-05 v1.19 Key value parser (HO)
)
(C:\Users\labib\AppData\Local\Programs\MiKTeX\tex/generic/kvdefinekeys\kvdefine
keys.sty
Package: kvdefinekeys 2019-12-19 v1.6 Define keys (HO)
)
(C:\Users\labib\AppData\Local\Programs\MiKTeX\tex/generic/pdfescape\pdfescape.s
ty
Package: pdfescape 2019/12/09 v1.15 Implements pdfTeX's escape features (HO)

(C:\Users\labib\AppData\Local\Programs\MiKTeX\tex/generic/ltxcmds\ltxcmds.sty
Package: ltxcmds 2023-12-04 v1.26 LaTeX kernel commands for general use (HO)
)
(C:\Users\labib\AppData\Local\Programs\MiKTeX\tex/generic/pdftexcmds\pdftexcmds
.sty
Package: pdftexcmds 2020-06-27 v0.33 Utility functions of pdfTeX for LuaTeX (HO
)

(C:\Users\labib\AppData\Local\Programs\MiKTeX\tex/generic/infwarerr\infwarerr.s
ty
Package: infwarerr 2019/12/03 v1.5 Providing info/warning/error messages (HO)
)
Package pdftexcmds Info: \pdf@primitive is available.
Package pdftexcmds Info: \pdf@ifprimitive is available.
Package pdftexcmds Info: \pdfdraftmode found.
))
(C:\Users\labib\AppData\Local\Programs\MiKTeX\tex/latex/hycolor\hycolor.sty
Package: hycolor 2020-01-27 v1.10 Color options for hyperref/bookmark (HO)
)
(C:\Users\labib\AppData\Local\Programs\MiKTeX\tex/latex/hyperref\nameref.sty
Package: nameref 2026-01-29 v2.58 Cross-referencing by name of section

(C:\Users\labib\AppData\Local\Programs\MiKTeX\tex/latex/refcount\refcount.sty
Package: refcount 2019/12/15 v3.6 Data extraction from label references (HO)
)
(C:\Users\labib\AppData\Local\Programs\MiKTeX\tex/generic/gettitlestring\gettit
lestring.sty
Package: gettitlestring 2019/12/15 v1.6 Cleanup title references (HO)

(C:\Users\labib\AppData\Local\Programs\MiKTeX\tex/latex/kvoptions\kvoptions.sty
Package: kvoptions 2022-06-15 v3.15 Key value format for package options (HO)
))
\c@section@level=\count304
)
(C:\Users\labib\AppData\Local\Programs\MiKTeX\tex/latex/etoolbox\etoolbox.sty
Package: etoolbox 2025/10/02 v2.5m e-TeX tools for LaTeX (JAW)
\etb@tempcnta=\count305
)
(C:\Users\labib\AppData\Local\Programs\MiKTeX\tex/generic/stringenc\stringenc.s
ty
Package: stringenc 2019/11/29 v1.12 Convert strings between diff. encodings (HO
)
)
\@linkdim=\dimen185
\Hy@linkcounter=\count306
\Hy@pagecounter=\count307
 (C:\Users\labib\AppData\Local\Programs\MiKTeX\tex/latex/hyperref\pd1enc.def
File: pd1enc.def 2026-06-17 v7.01r Hyperref: PDFDocEncoding definition (HO)
Now handling font encoding PD1 ...
... no UTF-8 mapping file for font encoding PD1
) (C:\Users\labib\AppData\Local\Programs\MiKTeX\tex/generic/intcalc\intcalc.sty
Package: intcalc 2019/12/15 v1.3 Expandable calculations with integers (HO)
)
\Hy@SavedSpaceFactor=\count308
 (C:\Users\labib\AppData\Local\Programs\MiKTeX\tex/latex/hyperref\puenc.def
File: puenc.def 2026-06-17 v7.01r Hyperref: PDF Unicode definition (HO)
Now handling font encoding PU ...
... no UTF-8 mapping file for font encoding PU
)
Package hyperref Info: Hyper figures OFF on input line 4199.
Package hyperref Info: Link nesting OFF on input line 4204.
Package hyperref Info: Hyper index ON on input line 4207.
Package hyperref Info: Plain pages OFF on input line 4214.
Package hyperref Info: Backreferencing OFF on input line 4219.
Package hyperref Info: Implicit mode ON; LaTeX internals redefined.
Package hyperref Info: Bookmarks ON on input line 4466.
\c@Hy@tempcnt=\count309

(C:\Users\labib\AppData\Local\Programs\MiKTeX\tex/latex/url\url.sty
\Urlmuskip=\muskip18
Package: url 2013/09/16  ver 3.4  Verb mode for urls, etc.
)
LaTeX Info: Redefining \url on input line 4805.
\XeTeXLinkMargin=\dimen186

(C:\Users\labib\AppData\Local\Programs\MiKTeX\tex/generic/bitset\bitset.sty
Package: bitset 2019/12/09 v1.3 Handle bit-vector datatype (HO)

(C:\Users\labib\AppData\Local\Programs\MiKTeX\tex/generic/bigintcalc\bigintcalc
.sty
Package: bigintcalc 2019/12/15 v1.5 Expandable calculations on big integers (HO
)
))
\Fld@menulength=\count310
\Field@Width=\dimen187
\Fld@charsize=\dimen188
Package hyperref Info: Hyper figures OFF on input line 6091.
Package hyperref Info: Link nesting OFF on input line 6096.
Package hyperref Info: Hyper index ON on input line 6099.
Package hyperref Info: backreferencing OFF on input line 6106.
Package hyperref Info: Link coloring OFF on input line 6111.
Package hyperref Info: Link coloring with OCG OFF on input line 6116.
Package hyperref Info: PDF/A mode OFF on input line 6121.
\Hy@abspage=\count311
\c@Item=\count312
\c@Hfootnote=\count313
)
Package hyperref Info: Driver (autodetected): hpdftex.

(C:\Users\labib\AppData\Local\Programs\MiKTeX\tex/latex/hyperref\hpdftex.def
File: hpdftex.def 2026-06-17 v7.01r Hyperref driver for pdfTeX
\Fld@listcount=\count314
\c@bookmark@seq@number=\count315

(C:\Users\labib\AppData\Local\Programs\MiKTeX\tex/latex/rerunfilecheck\rerunfil
echeck.sty
Package: rerunfilecheck 2025-06-21 v1.11 Rerun checks for auxiliary files (HO)

(C:\Users\labib\AppData\Local\Programs\MiKTeX\tex/generic/uniquecounter\uniquec
ounter.sty
Package: uniquecounter 2019/12/15 v1.4 Provide unlimited unique counter (HO)
)
Package uniquecounter Info: New unique counter `rerunfilecheck' on input line 2
84.
)
\Hy@SectionHShift=\skip55
)
(C:\Users\labib\AppData\Local\Programs\MiKTeX\tex/latex/l3kernel\l3backend-pdft
ex.def
File: l3backend-pdftex.def 2026-08-10 L3 backend support: PDF output (pdfTeX)
\l__color_backend_stack_int=\count316
) (ELEC451_Lab0_report.aux)
\openout1 = `ELEC451_Lab0_report.aux'.

LaTeX Font Info:    Checking defaults for OML/cmm/m/it on input line 25.
LaTeX Font Info:    ... okay on input line 25.
LaTeX Font Info:    Checking defaults for OMS/cmsy/m/n on input line 25.
LaTeX Font Info:    ... okay on input line 25.
LaTeX Font Info:    Checking defaults for OT1/cmr/m/n on input line 25.
LaTeX Font Info:    ... okay on input line 25.
LaTeX Font Info:    Checking defaults for T1/cmr/m/n on input line 25.
LaTeX Font Info:    ... okay on input line 25.
LaTeX Font Info:    Checking defaults for TS1/cmr/m/n on input line 25.
LaTeX Font Info:    ... okay on input line 25.
LaTeX Font Info:    Checking defaults for OMX/cmex/m/n on input line 25.
LaTeX Font Info:    ... okay on input line 25.
LaTeX Font Info:    Checking defaults for U/cmr/m/n on input line 25.
LaTeX Font Info:    ... okay on input line 25.
LaTeX Font Info:    Checking defaults for PD1/pdf/m/n on input line 25.
LaTeX Font Info:    ... okay on input line 25.
LaTeX Font Info:    Checking defaults for PU/pdf/m/n on input line 25.
LaTeX Font Info:    ... okay on input line 25.

-- Lines per column: 58 (exact).

(C:\Users\labib\AppData\Local\Programs\MiKTeX\tex/context/base/mkii\supp-pdf.mk
ii
[Loading MPS to PDF converter (version 2006.09.02).]
\scratchcounter=\count317
\scratchdimen=\dimen189
\scratchbox=\box59
\nofMPsegments=\count318
\nofMParguments=\count319
\everyMPshowfont=\toks26
\MPscratchCnt=\count320
\MPscratchDim=\dimen190
\MPnumerator=\count321
\makeMPintoPDFobject=\count322
\everyMPtoPDFconversion=\toks27
)
(C:\Users\labib\AppData\Local\Programs\MiKTeX\tex/latex/epstopdf-pkg\epstopdf-b
ase.sty
Package: epstopdf-base 2020-01-24 v2.11 Base part for package epstopdf
Package epstopdf-base Info: Redefining graphics rule for `.eps' on input line 4
85.

(C:\Users\labib\AppData\Local\Programs\MiKTeX\tex/latex/00miktex\epstopdf-sys.c
fg
File: epstopdf-sys.cfg 2021/03/18 v2.0 Configuration of epstopdf for MiKTeX
))
Package hyperref Info: Link coloring OFF on input line 25.
 (ELEC451_Lab0_report.out) (ELEC451_Lab0_report.out)
\@outlinefile=\write3
\openout3 = `ELEC451_Lab0_report.out'.

<images/sim_schematic.png, id=55, 636.57825pt x 196.93575pt>
File: images/sim_schematic.png Graphic file (type png)
<use images/sim_schematic.png>
Package pdftex.def Info: images/sim_schematic.png  used on input line 79.
(pdftex.def)             Requested size: 516.0pt x 159.63425pt.
<images/sim_a2_combined.png, id=60, 1127.412pt x 500.46976pt>
File: images/sim_a2_combined.png Graphic file (type png)
<use images/sim_a2_combined.png>
Package pdftex.def Info: images/sim_a2_combined.png  used on input line 101.
(pdftex.def)             Requested size: 516.0pt x 229.05812pt.
 [1{C:/Users/labib/AppData/Local/MiKTeX/fonts/map/pdftex/pdftex.map}{C:/Users/l
abib/AppData/Local/Programs/MiKTeX/fonts/enc/dvips/base/8r.enc} <./images/sim_s
chematic.png>]
<images/sim_a3_combined.png, id=80, 1121.3895pt x 507.0945pt>
File: images/sim_a3_combined.png Graphic file (type png)
<use images/sim_a3_combined.png>
Package pdftex.def Info: images/sim_a3_combined.png  used on input line 109.
(pdftex.def)             Requested size: 516.0pt x 233.33592pt.
<images/sim_a3zoom_combined.png, id=81, 1124.40076pt x 506.49225pt>
File: images/sim_a3zoom_combined.png Graphic file (type png)
<use images/sim_a3zoom_combined.png>
Package pdftex.def Info: images/sim_a3zoom_combined.png  used on input line 118
.
(pdftex.def)             Requested size: 516.0pt x 232.43282pt.
 [2 <./images/sim_a2_combined.png> <./images/sim_a3_combined.png>]
<images/sim_a4_large_combined.png, id=91, 1135.8435pt x 504.08325pt>
File: images/sim_a4_large_combined.png Graphic file (type png)
<use images/sim_a4_large_combined.png>
Package pdftex.def Info: images/sim_a4_large_combined.png  used on input line 1
46.
(pdftex.def)             Requested size: 516.0pt x 229.00441pt.
<images/sim_a4_mid_combined.png, id=92, 1132.83224pt x 504.08325pt>
File: images/sim_a4_mid_combined.png Graphic file (type png)
<use images/sim_a4_mid_combined.png>
Package pdftex.def Info: images/sim_a4_mid_combined.png  used on input line 154
.
(pdftex.def)             Requested size: 516.0pt x 229.60437pt.
 [3 <./images/sim_a3zoom_combined.png> <./images/sim_a4_large_combined.png>]
<images/sim_a4_small_combined.png, id=108, 1139.457pt x 505.89pt>
File: images/sim_a4_small_combined.png Graphic file (type png)
<use images/sim_a4_small_combined.png>
Package pdftex.def Info: images/sim_a4_small_combined.png  used on input line 1
62.
(pdftex.def)             Requested size: 516.0pt x 229.09189pt.
<images/sim_a5_vo_mean.png, id=112, 835.32076pt x 322.806pt>
File: images/sim_a5_vo_mean.png Graphic file (type png)
<use images/sim_a5_vo_mean.png>
Package pdftex.def Info: images/sim_a5_vo_mean.png  used on input line 198.
(pdftex.def)             Requested size: 516.0pt x 199.40373pt.
 [4 <./images/sim_a4_mid_combined.png> <./images/sim_a4_small_combined.png>]
<images/sim_a5_il_mean.png, id=122, 835.32076pt x 329.43076pt>
File: images/sim_a5_il_mean.png Graphic file (type png)
<use images/sim_a5_il_mean.png>
Package pdftex.def Info: images/sim_a5_il_mean.png  used on input line 206.
(pdftex.def)             Requested size: 516.0pt x 203.49597pt.
<images/sim_shematicActSix.png, id=124, 301.125pt x 229.45724pt>
File: images/sim_shematicActSix.png Graphic file (type png)
<use images/sim_shematicActSix.png>
Package pdftex.def Info: images/sim_shematicActSix.png  used on input line 224.

(pdftex.def)             Requested size: 258.0pt x 196.61511pt.
 [5 <./images/sim_a5_vo_mean.png> <./images/sim_a5_il_mean.png>]
<images/sim_a6_fft_default.png, id=136, 1133.4345pt x 472.76625pt>
File: images/sim_a6_fft_default.png Graphic file (type png)
<use images/sim_a6_fft_default.png>
Package pdftex.def Info: images/sim_a6_fft_default.png  used on input line 246.

(pdftex.def)             Requested size: 516.0pt x 215.23883pt.
<images/sim_a6_shorttime_wave.png, id=137, 1139.457pt x 476.982pt>
File: images/sim_a6_shorttime_wave.png Graphic file (type png)
<use images/sim_a6_shorttime_wave.png>
Package pdftex.def Info: images/sim_a6_shorttime_wave.png  used on input line 2
53.
(pdftex.def)             Requested size: 516.0pt x 216.00092pt.
 [6 <./images/sim_shematicActSix.png> <./images/sim_a6_fft_default.png>]
<images/sim_a6_fft_shorttime.png, id=148, 1133.4345pt x 479.99326pt>
File: images/sim_a6_fft_shorttime.png Graphic file (type png)
<use images/sim_a6_fft_shorttime.png>
Package pdftex.def Info: images/sim_a6_fft_shorttime.png  used on input line 26
1.
(pdftex.def)             Requested size: 516.0pt x 218.5291pt.
<images/sim_a6_fft_longtime.png, id=149, 1132.23pt x 476.982pt>
File: images/sim_a6_fft_longtime.png Graphic file (type png)
<use images/sim_a6_fft_longtime.png>
Package pdftex.def Info: images/sim_a6_fft_longtime.png  used on input line 269
.
(pdftex.def)             Requested size: 516.0pt x 217.38377pt.
 [7 <./images/sim_a6_shorttime_wave.png> <./images/sim_a6_fft_shorttime.png>]
<images/exp_cal_passive.png, id=159, 803.0pt x 481.8pt>
File: images/exp_cal_passive.png Graphic file (type png)
<use images/exp_cal_passive.png>
Package pdftex.def Info: images/exp_cal_passive.png  used on input line 296.
(pdftex.def)             Requested size: 516.0pt x 309.62277pt.
<images/exp_cal_differential.png, id=160, 803.0pt x 481.8pt>
File: images/exp_cal_differential.png Graphic file (type png)
<use images/exp_cal_differential.png>
Package pdftex.def Info: images/exp_cal_differential.png  used on input line 30
3.
(pdftex.def)             Requested size: 516.0pt x 309.62277pt.
 [8 <./images/sim_a6_fft_longtime.png> <./images/exp_cal_passive.png (PNG copy)
>]
<images/exp_a2_500mV.png, id=170, 803.0pt x 481.8pt>
File: images/exp_a2_500mV.png Graphic file (type png)
<use images/exp_a2_500mV.png>
Package pdftex.def Info: images/exp_a2_500mV.png  used on input line 328.
(pdftex.def)             Requested size: 516.0pt x 309.62277pt.
 [9 <./images/exp_cal_differential.png (PNG copy)>]
<images/exp_a2_10mV_ac.png, id=177, 803.0pt x 481.8pt>
File: images/exp_a2_10mV_ac.png Graphic file (type png)
<use images/exp_a2_10mV_ac.png>
Package pdftex.def Info: images/exp_a2_10mV_ac.png  used on input line 336.
(pdftex.def)             Requested size: 516.0pt x 309.62277pt.
 [10 <./images/exp_a2_500mV.png (PNG copy)> <./images/exp_a2_10mV_ac.png (PNG c
opy)>]
<images/exp_a3_tri_10kHz.png, id=185, 803.0pt x 481.8pt>
File: images/exp_a3_tri_10kHz.png Graphic file (type png)
<use images/exp_a3_tri_10kHz.png>
Package pdftex.def Info: images/exp_a3_tri_10kHz.png  used on input line 360.
(pdftex.def)             Requested size: 516.0pt x 309.62277pt.
<images/exp_a3_tri_20kHz.png, id=186, 803.0pt x 481.8pt>
File: images/exp_a3_tri_20kHz.png Graphic file (type png)
<use images/exp_a3_tri_20kHz.png>
Package pdftex.def Info: images/exp_a3_tri_20kHz.png  used on input line 367.
(pdftex.def)             Requested size: 516.0pt x 309.62277pt.
 [11 <./images/exp_a3_tri_10kHz.png (PNG copy)>]
<images/exp_a3_sine_20kHz.png, id=194, 803.0pt x 481.8pt>
File: images/exp_a3_sine_20kHz.png Graphic file (type png)
<use images/exp_a3_sine_20kHz.png>
Package pdftex.def Info: images/exp_a3_sine_20kHz.png  used on input line 374.
(pdftex.def)             Requested size: 516.0pt x 309.62277pt.
 [12 <./images/exp_a3_tri_20kHz.png (PNG copy)> <./images/exp_a3_sine_20kHz.png
 (PNG copy)>] [13]
(ELEC451_Lab0_report.aux)
 ***********
LaTeX2e <2026-06-01>
L3 programming layer <2026-08-10>
 ***********
Package rerunfilecheck Info: File `ELEC451_Lab0_report.out' has not changed.
(rerunfilecheck)             Checksum: 9923267213D824C0E0F0668842914CB2;2283.
 ) 
Here is how much of TeX's memory you used:
 10293 strings out of 467441
 167524 string characters out of 5407591
 592396 words of memory out of 5000000
 39456 multiletter control sequences out of 15000+600000
 662559 words of font info for 102 fonts, out of 8000000 for 9000
 1144 hyphenation exceptions out of 8191
 74i,8n,79p,415b,447s stack positions out of 10000i,1000n,20000p,200000b,200000s
<C:/Users/labib/AppData/Local/Programs/MiKTeX/fonts/type1/public/amsfonts/cm/
cmmi10.pfb><C:/Users/labib/AppData/Local/Programs/MiKTeX/fonts/type1/public/ams
fonts/cm/cmmi6.pfb><C:/Users/labib/AppData/Local/Programs/MiKTeX/fonts/type1/pu
blic/amsfonts/cm/cmmi7.pfb><C:/Users/labib/AppData/Local/Programs/MiKTeX/fonts/
type1/public/amsfonts/cm/cmmi8.pfb><C:/Users/labib/AppData/Local/Programs/MiKTe
X/fonts/type1/public/amsfonts/cm/cmr10.pfb><C:/Users/labib/AppData/Local/Progra
ms/MiKTeX/fonts/type1/public/amsfonts/cm/cmr6.pfb><C:/Users/labib/AppData/Local
/Programs/MiKTeX/fonts/type1/public/amsfonts/cm/cmr7.pfb><C:/Users/labib/AppDat
a/Local/Programs/MiKTeX/fonts/type1/public/amsfonts/cm/cmr8.pfb><C:/Users/labib
/AppData/Local/Programs/MiKTeX/fonts/type1/public/amsfonts/cm/cmsy10.pfb><C:/Us
ers/labib/AppData/Local/Programs/MiKTeX/fonts/type1/public/amsfonts/cm/cmsy6.pf
b><C:/Users/labib/AppData/Local/Programs/MiKTeX/fonts/type1/public/amsfonts/cm/
cmsy7.pfb><C:/Users/labib/AppData/Local/Programs/MiKTeX/fonts/type1/public/amsf
onts/cm/cmsy8.pfb><C:/Users/labib/AppData/Local/Programs/MiKTeX/fonts/type1/urw
/times/utmb8a.pfb><C:/Users/labib/AppData/Local/Programs/MiKTeX/fonts/type1/urw
/times/utmr8a.pfb><C:/Users/labib/AppData/Local/Programs/MiKTeX/fonts/type1/urw
/times/utmri8a.pfb>
Output written on ELEC451_Lab0_report.pdf (13 pages, 950232 bytes).
PDF statistics:
 280 PDF objects out of 1000 (max. 8388607)
 48 named destinations out of 1000 (max. 500000)
 202 words of extra memory for PDF output out of 10000 (max. 10000000)

